Menu:
r to find a route
b to see a list of all buildings
q to quit

Enter an option ('m' to see the menu): # Test Menu Command
Menu:
r to find a route
b to see a list of all buildings
q to quit

Enter an option ('m' to see the menu): # Quit program