Menu:
r to find a route
b to see a list of all buildings
q to quit

Enter an option ('m' to see the menu): # Test Quit Command

# Running program

# Quit