# Test test Missing Characters

#Load graph
loaded graph marveNodeComplexGraph

# Find graph
unknown character A and B

unknown character B

unknown character A